
> temp-next-app@0.1.0 build
> next build

Ôû▓ Next.js 16.1.6 (Turbopack)
- Environments: .env.local, .env

node.exe : ÔÜá The 
"middleware" file 
convention is 
deprecated. Please use 
"proxy" instead. Learn 
more: https://nextjs.or
g/docs/messages/middlew
are-to-proxy
En línea: 1 Carácter: 1
+ & "C:\Program 
Files\nodejs/node.exe" 
"C:\Users\Lenovo\AppDat
a\Roaming ...
+ ~~~~~~~~~~~~~~~~~~~~~
~~~~~~~~~~~~~~~~~~~~~~~
~~~~~~~~~~~~~~~~~~~~~~~
~~
    + CategoryInfo     
         : NotSpecifi  
  ed: (ÔÜá The "midd   
 le...leware-to-pro    
xy:String) [], Rem    
oteException
    + FullyQualifiedEr 
   rorId : NativeComm  
  andError
 
  Creating an optimized production build ...

> Build error occurred
Error: Turbopack build 
failed with 1 errors:
./src/components/Findin
gsTabs.tsx:205:1
Parsing ecmascript 
source code failed
[0m [90m 203 |[39m  
       [33m<[39m[33m
/[39m[33mdiv[39m[33
m>[39m
 [90m 204 |[39m     
)[33m;[39m
[31m[1m>[22m[39m[9
0m 205 |[39m
 [90m     |[39m [31m
[1m^[22m[39m[0m

Expected '}', got 
'<eof>'

Import trace:
  Server Component:
    ./src/components/Fi
ndingsTabs.tsx
    ./src/app/reporte/[
id]/page.tsx


    at <unknown> (./src
/components/FindingsTab
s.tsx:205:1)
